<html>
<body>
<pre>
<h1>µVision Build Log</h1>
<h2>Tool Versions:</h2>
IDE-Version: ¦ÌVision V5.41.0.0
Copyright (C) 2024 ARM Ltd and ARM Germany GmbH. All rights reserved.
License Information: Lenovo,  , LIC=KRMW3-A98W4-ARDXW-QX11D-Y4SUZ-AJSW5
 
Tool Versions:
Toolchain:       MDK-ARM Plus  Version: 5.41.0.0
Toolchain Path:  D:\Keil_v5\ARM\arm5_compiler\Bin
C Compiler:      Armcc.exe V5.06 update 7 (build 960)
Assembler:       Armasm.exe V5.06 update 7 (build 960)
Linker/Locator:  ArmLink.exe V5.06 update 7 (build 960)
Library Manager: ArmAr.exe V5.06 update 7 (build 960)
Hex Converter:   FromElf.exe V5.06 update 7 (build 960)
CPU DLL:         SARMCM3.DLL V5.41.0.0
Dialog DLL:      DCM.DLL V1.17.5.0
Target DLL:      CMSIS_AGDI.dll V1.33.21.0
Dialog DLL:      TCM.DLL V1.56.4.0
 
<h2>Project:</h2>
e:\code\stm32code\rtos\f103c8t6\01_freertos_template\MDK-ARM\01_freertos_template.uvprojx
Project File Date:  04/28/2025

<h2>Output:</h2>
*** Using Compiler 'V5.06 update 7 (build 960)', folder: 'D:\Keil_v5\ARM\arm5_compiler\Bin'
Rebuild target '01_freertos_template'
assembling startup_stm32f103xb.s...
compiling adc.c...
compiling gpio.c...
compiling usb.c...
compiling i2c.c...
compiling stm32f1xx_hal_msp.c...
compiling stm32f1xx_hal_timebase_tim.c...
compiling usart.c...
compiling freertos.c...
../Core/Src/freertos.c(131): warning:  #167-D: argument of type "void (*)(void)" is incompatible with parameter of type "TaskFunction_t"
    xLed_TestTaskHandle = xTaskCreateStatic(Led_Test, "Led_Test", 128, NULL, osPriorityNormal, Led_Test_Stack, &Led_Test_TCB);
../Core/Src/freertos.c(133): warning:  #167-D: argument of type "void (*)(void)" is incompatible with parameter of type "TaskFunction_t"
    xColor_TestTaskHandle = xTaskCreateStatic(ColorLED_Test, "ColorLED_Test", 128, NULL, osPriorityNormal, Color_Test_Stack, &Color_Test_TCB);
../Core/Src/freertos.c: 2 warnings, 0 errors
compiling tim.c...
compiling stm32f1xx_it.c...
compiling main.c...
compiling spi.c...
compiling music.c...
compiling stm32f1xx_hal_gpio_ex.c...
compiling stm32f1xx_hal_gpio.c...
compiling stm32f1xx_hal.c...
compiling stm32f1xx_hal_adc_ex.c...
compiling stm32f1xx_hal_adc.c...
compiling stm32f1xx_hal_rcc_ex.c...
compiling stm32f1xx_hal_cortex.c...
compiling stm32f1xx_hal_flash.c...
compiling stm32f1xx_hal_pwr.c...
compiling stm32f1xx_hal_flash_ex.c...
compiling stm32f1xx_hal_rcc.c...
compiling stm32f1xx_hal_dma.c...
compiling croutine.c...
compiling event_groups.c...
compiling list.c...
compiling queue.c...
compiling stream_buffer.c...
compiling stm32f1xx_hal_exti.c...
compiling timers.c...
compiling tasks.c...
compiling stm32f1xx_hal_pcd_ex.c...
compiling system_stm32f1xx.c...
compiling heap_4.c...
compiling stm32f1xx_hal_spi.c...
compiling stm32f1xx_hal_pcd.c...
compiling cmsis_os2.c...
compiling stm32f1xx_hal_uart.c...
compiling stm32f1xx_hal_tim_ex.c...
compiling port.c...
compiling stm32f1xx_ll_usb.c...
compiling driver_lcd.c...
compiling stm32f1xx_hal_i2c.c...
compiling stm32f1xx_hal_tim.c...
compiling driver_led.c...
compiling driver_timer.c...
compiling driver_oled.c...
..\Drivers\DshanMCU-F103\driver_oled.c(155): warning:  #177-D: function "OLED_WriteData"  was declared but never referenced
  static int OLED_WriteData(uint8_t data)
..\Drivers\DshanMCU-F103\driver_oled.c(203): warning:  #177-D: function "OLED_H_Scroll"  was declared but never referenced
  static void OLED_H_Scroll(H_SCROLL_DIR dir, uint8_t start, uint8_t fr_time, uint8_t end)
..\Drivers\DshanMCU-F103\driver_oled.c(227): warning:  #177-D: function "OLED_HV_Scroll"  was declared but never referenced
  static void OLED_HV_Scroll(HV_SCROLL_DIR dir, uint8_t start, uint8_t fr_time, uint8_t end, uint8_t offset)
..\Drivers\DshanMCU-F103\driver_oled.c(247): warning:  #177-D: function "OLED_SetVScrollArea"  was declared but never referenced
  static void OLED_SetVScrollArea(uint8_t area, uint8_t row_num)
..\Drivers\DshanMCU-F103\driver_oled.c(296): warning:  #177-D: function "OLED_SetColAddr_HV"  was declared but never referenced
  static void OLED_SetColAddr_HV(uint8_t start, uint8_t end)
..\Drivers\DshanMCU-F103\driver_oled.c(313): warning:  #177-D: function "OLED_SetPageAddr_HV"  was declared but never referenced
  static void OLED_SetPageAddr_HV(uint8_t start, uint8_t end)
..\Drivers\DshanMCU-F103\driver_oled.c(419): warning:  #177-D: function "OLED_SetPreChargePeriod"  was declared but never referenced
  static void OLED_SetPreChargePeriod(uint8_t phase1, uint8_t phase2)
..\Drivers\DshanMCU-F103\driver_oled.c(433): warning:  #177-D: function "OLED_SetVcomhLevel"  was declared but never referenced
  static void OLED_SetVcomhLevel(VCOMH_LEVEL level)
..\Drivers\DshanMCU-F103\driver_oled.c: 8 warnings, 0 errors
compiling driver_mpu6050.c...
compiling driver_color_led.c...
compiling driver_ds18b20.c...
compiling driver_passive_buzzer.c...
compiling driver_active_buzzer.c...
compiling driver_dht11.c...
compiling driver_ir_receiver.c...
compiling driver_ir_sender.c...
compiling driver_light_sensor.c...
compiling driver_ir_obstacle.c...
compiling driver_irq.c...
compiling driver_ultrasonic_sr04.c...
compiling driver_spiflash_w25q64.c...
compiling driver_rotary_encoder.c...
compiling driver_uart.c...
..\Drivers\DshanMCU-F103\driver_uart.c(105): warning:  #2748-D: null argument provided for parameter marked with attribute "nonnull"
          c = fgetc(NULL);
..\Drivers\DshanMCU-F103\driver_uart.c: 1 warning, 0 errors
compiling driver_motor.c...
compiling driver_key.c...
linking...
Program Size: Code=19360 RO-data=2608 RW-data=4216 ZI-data=10592  
FromELF: creating hex file...
"01_freertos_template\01_freertos_template.axf" - 0 Error(s), 11 Warning(s).

<h2>Software Packages used:</h2>

Package Vendor: ARM
                https://www.keil.com/pack/ARM.CMSIS.6.1.0.pack
                ARM::CMSIS@6.1.0
                CMSIS (Common Microcontroller Software Interface Standard)
   * Component: CORE Version: 6.1.0

Package Vendor: Keil
                https://www.keil.com/pack/Keil.STM32F1xx_DFP.2.4.1.pack
                Keil::STM32F1xx_DFP@2.4.1
                STMicroelectronics STM32F1 Series Device Support, Drivers and Examples

<h2>Collection of Component include folders:</h2>
  ./RTE/_01_freertos_template
  C:/Users/Lenovo/AppData/Local/Arm/Packs/ARM/CMSIS/6.1.0/CMSIS/Core/Include
  C:/Users/Lenovo/AppData/Local/Arm/Packs/Keil/STM32F1xx_DFP/2.4.1/Device/Include

<h2>Collection of Component Files used:</h2>

   * Component: ARM::CMSIS:CORE@6.1.0
      Include file:  CMSIS/Core/Include/tz_context.h
Build Time Elapsed:  00:00:12
</pre>
</body>
</html>
